#-----------------------------------------------------------
# Vivado v2018.2 (64-bit)
# SW Build 2258646 on Thu Jun 14 20:03:12 MDT 2018
# IP Build 2256618 on Thu Jun 14 22:10:49 MDT 2018
# Start of session at: Thu Nov 22 15:29:46 2018
# Process ID: 5040
# Current directory: D:/D_Strabi/D Dokumentumai/BME/MikrorendszerekTevezese/Laborok/lab4_orai/ddr3_dma
# Command line: vivado.exe -gui_launcher_event rodinguilauncherevent544 D:\D_Strabi\D Dokumentumai\BME\MikrorendszerekTevezese\Laborok\lab4_orai\ddr3_dma\ddr3_dma.xpr
# Log file: D:/D_Strabi/D Dokumentumai/BME/MikrorendszerekTevezese/Laborok/lab4_orai/ddr3_dma/vivado.log
# Journal file: D:/D_Strabi/D Dokumentumai/BME/MikrorendszerekTevezese/Laborok/lab4_orai/ddr3_dma\vivado.jou
#-----------------------------------------------------------
start_gui
open_project {D:/D_Strabi/D Dokumentumai/BME/MikrorendszerekTevezese/Laborok/lab4_orai/ddr3_dma/ddr3_dma.xpr}
update_compile_order -fileset sources_1
open_bd_design {D:/D_Strabi/D Dokumentumai/BME/MikrorendszerekTevezese/Laborok/lab4_orai/ddr3_dma/ddr3_dma.srcs/sources_1/bd/cpu_system/cpu_system.bd}
