#-----------------------------------------------------------
# Vivado v2018.2 (64-bit)
# SW Build 2258646 on Thu Jun 14 20:03:12 MDT 2018
# IP Build 2256618 on Thu Jun 14 22:10:49 MDT 2018
# Start of session at: Sat Dec  1 08:28:53 2018
# Process ID: 6160
# Current directory: D:/D_Strabi/D Dokumentumai/BME/MikrorendszerekTevezese/HF/K-gy-j-t-k/ddr3_dma
# Command line: vivado.exe -gui_launcher_event rodinguilauncherevent14740 D:\D_Strabi\D Dokumentumai\BME\MikrorendszerekTevezese\HF\K-gy-j-t-k\ddr3_dma\ddr3_dma.xpr
# Log file: D:/D_Strabi/D Dokumentumai/BME/MikrorendszerekTevezese/HF/K-gy-j-t-k/ddr3_dma/vivado.log
# Journal file: D:/D_Strabi/D Dokumentumai/BME/MikrorendszerekTevezese/HF/K-gy-j-t-k/ddr3_dma\vivado.jou
#-----------------------------------------------------------
start_gui
open_project {D:/D_Strabi/D Dokumentumai/BME/MikrorendszerekTevezese/HF/K-gy-j-t-k/ddr3_dma/ddr3_dma.xpr}
update_compile_order -fileset sources_1
open_bd_design {D:/D_Strabi/D Dokumentumai/BME/MikrorendszerekTevezese/HF/K-gy-j-t-k/ddr3_dma/ddr3_dma.srcs/sources_1/bd/cpu_system/cpu_system.bd}
create_bd_cell -type module -reference vgaSync vgaSync_1
save_bd_design
delete_bd_objs [get_bd_cells vgaSync_0]
delete_bd_objs [get_bd_cells vgaSync_1]
save_bd_design
create_bd_cell -type module -reference vgaSync vgaSync_0
update_compile_order -fileset sources_1
delete_bd_objs [get_bd_cells vgaSync_0]
save_bd_design
create_bd_cell -type module -reference vgaSync vgaSync_0
delete_bd_objs [get_bd_cells vgaSync_0]
save_bd_design
create_bd_cell -type module -reference vgaSync vgaSync_0
save_bd_design
update_compile_order -fileset sources_1
delete_bd_objs [get_bd_cells vgaSync_0]
update_compile_order -fileset sources_1
save_bd_design
import_files -norecurse {{D:/D_Strabi/D Dokumentumai/BME/MikrorendszerekTevezese/HF/K-gy-j-t-k/VGA_Control.v}}
update_compile_order -fileset sources_1
create_bd_cell -type module -reference vgaSync vgaSync_0
update_module_reference cpu_system_vgaSync_0_4
update_compile_order -fileset sources_1
set_property location {6 2139 206} [get_bd_cells vgaSync_0]
set_property location {4 1460 -37} [get_bd_cells vgaSync_0]
set_property location {4 1510 75} [get_bd_cells vgaSync_0]
set_property location {4 1558 33} [get_bd_cells vgaSync_0]
save_bd_design
