14:09:28 **** Build of configuration Debug for project dma_test ****
make all 
'Building file: ../src/main.c'
'Invoking: MicroBlaze gcc compiler'
mb-gcc -Wall -O0 -g3 -c -fmessage-length=0 -MT"src/main.o" -I../../standalone_bsp_0/microblaze_0/include -mlittle-endian -mxl-barrel-shift -mxl-pattern-compare -mno-xl-soft-div -mcpu=v10.0 -mno-xl-soft-mul -mxl-multiply-high -Wl,--no-relax -ffunction-sections -fdata-sections -MMD -MP -MF"src/main.d" -MT"src/main.o" -o "src/main.o" "../src/main.c"
'Finished building: ../src/main.c'
' '
'Building target: dma_test.elf'
'Invoking: MicroBlaze gcc linker'
mb-gcc -Wl,-T -Wl,../src/lscript.ld -L../../standalone_bsp_0/microblaze_0/lib -mlittle-endian -mxl-barrel-shift -mxl-pattern-compare -mno-xl-soft-div -mcpu=v10.0 -mno-xl-soft-mul -mxl-multiply-high -Wl,--no-relax -Wl,--gc-sections -o "dma_test.elf"  ./src/main.o   -Wl,--start-group,-lxil,-lgcc,-lc,--end-group
'Finished building target: dma_test.elf'
' '
'Invoking: MicroBlaze Print Size'
mb-size dma_test.elf  |tee "dma_test.elf.size"
   text	   data	    bss	    dec	    hex	filename
   5524	2097424	   2084	2105032	 201ec8	dma_test.elf
'Finished building: dma_test.elf.size'
' '

14:09:33 Build Finished (took 4s.413ms)

